[backblue.gif]
[fade.gif]
[index.html]
[mappedinjakarta.com/images/favicon.ico]
[ajax.googleapis.com/ajax/libs/jquery/1.7.1/jquery.min.js]
[mappedinjakarta.com/bootstrap/js/bootstrap.js]
[mappedinjakarta.com/bootstrap/js/bootstrap-typeahead.js]
[mappedinjakarta.com/scripts/label.js]
[google-maps-utility-library-v3.googlecode.com/svn/trunk/infobubble/src/infobubble.js]
[platform.linkedin.com/in.js]
[www.google-analytics.com/analytics.js]
[platform.twitter.com/widgets.js]
[connect.facebook.net/en_US/all.js]
[mappedinjakarta.com/images/logo.png]
[mappedinjakarta.com/images/icons/startup.png]
[mappedinjakarta.com/images/icons/entrepreneur.png]
[mappedinjakarta.com/images/icons/accelerator.png]
[mappedinjakarta.com/images/icons/coworking.png]
[mappedinjakarta.com/images/icons/investor.png]
[mappedinjakarta.com/images/icons/service.png]
[mappedinjakarta.com/images/icons/rdcenter.png]
[mappedinjakarta.com/images/icons/community.png]
[mappedinjakarta.com/images/icons/event.png]
[mappedinjakarta.com/index.html]
[mappedinjakarta.com/bootstrap/css/bootstrap.css]
[mappedinjakarta.com/bootstrap/css/bootstrap-responsive.css]
[mappedinjakarta.com/images/icon-search.png]
[mappedinjakarta.com/images/icons/check.png]
[mappedinjakarta.com/mapf88d.css]
[mappedinjakarta.com/font/fontawesome-webfont.eot]
[mappedinjakarta.com/font/fontawesome-webfont.woff]
[mappedinjakarta.com/font/fontawesome-webfontd41d.eot]
[mappedinjakarta.com/font/fontawesome-webfont.ttf]
[mappedinjakarta.com/font-awesomef88d.css]
[mappedinjakarta.com/mobile.css]
[mappedinjakarta.com/linkedinauth.html]
[mappedinjakarta.com/index-2.html]
[connect.facebook.net/en_US/all.js]
[mappedinjakarta.com/font-awesome.css]
[mappedinjakarta.com/font/fontawesome-webfont.svg]
[mappedinjakarta.com/ABCDEFGHIJKLMNOPQRSTUVWXYZabcdefghijklmnopqrstuvwxyz0123456789+/index.html]
[mappedinjakarta.com/restserver.html]
[mappedinjakarta.com/dialog/index.html]
